Starting...
Window shown
Timer started
Second 1
Timer callback #1
Timer callback #1 done
Second 2
Timer callback #2
Timer callback #2 done
Second 3
Timer callback #3
Timer callback #3 done
Second 4
Timer callback #4
Timer callback #4 done
Second 5
Timer callback #5
Timer callback #5 done
SUCCESS
